2025-05-16 02:57:22: Unknown column 'MenuQuntity' in 'field list'
2025-05-16 02:57:27: Unknown column 'MenuQuntity' in 'field list'
2025-05-16 02:59:28: Unknown column 'MenuQuntity' in 'field list'
